// Vitest Snapshot v1

exports[`Pruebas en <FirstApp /> > debe hacer match con el snapshot 1`] = `
<div>
  <h1
    data-testid="test-title"
  >
     
    Hola, soy Goku
     
  </h1>
  <p>
    No hay subtítulo
  </p>
  <p>
    No hay subtítulo
  </p>
  <p>
    Ignacio Molina
  </p>
</div>
`;
