// Vitest Snapshot v1

exports[`tests in <GifExpertApp /> > should match with snapshot of initial state 1`] = `
<div>
  <h1>
    GifExpertApp
  </h1>
  <form
    aria-label="form"
  >
    <input
      placeholder="Buscar gif"
      type="text"
      value=""
    />
  </form>
</div>
`;
